MARKER=TCNN_RDNA4_P3B1B_FP16_FORWARD_001
COMMAND=["/opt/rocm/bin/hipcc", "-std=c++17", "-O2", "--offload-arch=gfx1201", "-I/opt/rocm/include", "-I/home/oem/therock_test/tcnn_rdna4_port/workspace/repos/tiny-cuda-nn-phase2/dependencies", "/home/oem/therock_test/tcnn_rdna4_port/workspace/repos/tiny-cuda-nn-phase2/scripts/probe_phase3b1b_fp16_epilogues.cpp", "-L/opt/rocm/lib", "-lhipblaslt", "-lamdhip64", "-o", "/tmp/tcnn_p3b1b_epi_uqmydzeb/probe_phase3b1b"]
In file included from /home/oem/therock_test/tcnn_rdna4_port/workspace/repos/tiny-cuda-nn-phase2/scripts/probe_phase3b1b_fp16_epilogues.cpp:6:
/home/oem/therock_test/tcnn_rdna4_port/workspace/repos/tiny-cuda-nn-phase2/dependencies/json/json.hpp:26511:35: warning: identifier '_json' preceded by whitespace in a literal operator declaration is deprecated [-Wdeprecated-literal-operator]
 26511 | inline nlohmann::json operator "" _json(const char* s, std::size_t n)
       |                       ~~~~~~~~~~~~^~~~~
       |                       operator""_json
/home/oem/therock_test/tcnn_rdna4_port/workspace/repos/tiny-cuda-nn-phase2/dependencies/json/json.hpp:26530:49: warning: identifier '_json_pointer' preceded by whitespace in a literal operator declaration is deprecated [-Wdeprecated-literal-operator]
 26530 | inline nlohmann::json::json_pointer operator "" _json_pointer(const char* s, std::size_t n)
       |                                     ~~~~~~~~~~~~^~~~~~~~~~~~~
       |                                     operator""_json_pointer
/home/oem/therock_test/tcnn_rdna4_port/workspace/repos/tiny-cuda-nn-phase2/scripts/probe_phase3b1b_fp16_epilogues.cpp:41:25: warning: ignoring return value of type 'hipError_t' declared with 'nodiscard' attribute [-Wunused-value]
   41 |         ~Guarded() { if (base) hipFree(base); }
      |                                ^~~~~~~~~~~~~
/home/oem/therock_test/tcnn_rdna4_port/workspace/repos/tiny-cuda-nn-phase2/scripts/probe_phase3b1b_fp16_epilogues.cpp:149:320: warning: ignoring return value of type 'hipError_t' declared with 'nodiscard' attribute [-Wunused-value]
  149 |         if(pref)hipblasLtMatmulPreferenceDestroy(pref);if(ld)hipblasLtMatrixLayoutDestroy(ld);if(lc)hipblasLtMatrixLayoutDestroy(lc);if(lb)hipblasLtMatrixLayoutDestroy(lb);if(la)hipblasLtMatrixLayoutDestroy(la);if(op)hipblasLtMatmulDescDestroy(op);for(int i=0;i<2;++i){if(handles[i])hipblasLtDestroy(handles[i]);if(streams[i])hipStreamDestroy(streams[i]);}if(planning)hipblasLtDestroy(planning);if(c)hipFree(c);if(bias)hipFree(bias);if(b)hipFree(b);if(a)hipFree(a);return result;
      |                                                                                                                                                                                                                                                                                                                                       ^~~~~~~~~~~~~~~~~~~~~~~~~~~~
/home/oem/therock_test/tcnn_rdna4_port/workspace/repos/tiny-cuda-nn-phase2/scripts/probe_phase3b1b_fp16_epilogues.cpp:149:394: warning: ignoring return value of type 'hipError_t' declared with 'nodiscard' attribute [-Wunused-value]
  149 |         if(pref)hipblasLtMatmulPreferenceDestroy(pref);if(ld)hipblasLtMatrixLayoutDestroy(ld);if(lc)hipblasLtMatrixLayoutDestroy(lc);if(lb)hipblasLtMatrixLayoutDestroy(lb);if(la)hipblasLtMatrixLayoutDestroy(la);if(op)hipblasLtMatmulDescDestroy(op);for(int i=0;i<2;++i){if(handles[i])hipblasLtDestroy(handles[i]);if(streams[i])hipStreamDestroy(streams[i]);}if(planning)hipblasLtDestroy(planning);if(c)hipFree(c);if(bias)hipFree(bias);if(b)hipFree(b);if(a)hipFree(a);return result;
      |                                                                                                                                                                                                                                                                                                                                                                                                                 ^~~~~~~~~~
/home/oem/therock_test/tcnn_rdna4_port/workspace/repos/tiny-cuda-nn-phase2/scripts/probe_phase3b1b_fp16_epilogues.cpp:149:413: warning: ignoring return value of type 'hipError_t' declared with 'nodiscard' attribute [-Wunused-value]
  149 |         if(pref)hipblasLtMatmulPreferenceDestroy(pref);if(ld)hipblasLtMatrixLayoutDestroy(ld);if(lc)hipblasLtMatrixLayoutDestroy(lc);if(lb)hipblasLtMatrixLayoutDestroy(lb);if(la)hipblasLtMatrixLayoutDestroy(la);if(op)hipblasLtMatmulDescDestroy(op);for(int i=0;i<2;++i){if(handles[i])hipblasLtDestroy(handles[i]);if(streams[i])hipStreamDestroy(streams[i]);}if(planning)hipblasLtDestroy(planning);if(c)hipFree(c);if(bias)hipFree(bias);if(b)hipFree(b);if(a)hipFree(a);return result;
      |                                                                                                                                                                                                                                                                                                                                                                                                                                    ^~~~~~~~~~~~~
/home/oem/therock_test/tcnn_rdna4_port/workspace/repos/tiny-cuda-nn-phase2/scripts/probe_phase3b1b_fp16_epilogues.cpp:149:432: warning: ignoring return value of type 'hipError_t' declared with 'nodiscard' attribute [-Wunused-value]
  149 |         if(pref)hipblasLtMatmulPreferenceDestroy(pref);if(ld)hipblasLtMatrixLayoutDestroy(ld);if(lc)hipblasLtMatrixLayoutDestroy(lc);if(lb)hipblasLtMatrixLayoutDestroy(lb);if(la)hipblasLtMatrixLayoutDestroy(la);if(op)hipblasLtMatmulDescDestroy(op);for(int i=0;i<2;++i){if(handles[i])hipblasLtDestroy(handles[i]);if(streams[i])hipStreamDestroy(streams[i]);}if(planning)hipblasLtDestroy(planning);if(c)hipFree(c);if(bias)hipFree(bias);if(b)hipFree(b);if(a)hipFree(a);return result;
      |                                                                                                                                                                                                                                                                                                                                                                                                                                                       ^~~~~~~~~~
/home/oem/therock_test/tcnn_rdna4_port/workspace/repos/tiny-cuda-nn-phase2/scripts/probe_phase3b1b_fp16_epilogues.cpp:149:448: warning: ignoring return value of type 'hipError_t' declared with 'nodiscard' attribute [-Wunused-value]
  149 |         if(pref)hipblasLtMatmulPreferenceDestroy(pref);if(ld)hipblasLtMatrixLayoutDestroy(ld);if(lc)hipblasLtMatrixLayoutDestroy(lc);if(lb)hipblasLtMatrixLayoutDestroy(lb);if(la)hipblasLtMatrixLayoutDestroy(la);if(op)hipblasLtMatmulDescDestroy(op);for(int i=0;i<2;++i){if(handles[i])hipblasLtDestroy(handles[i]);if(streams[i])hipStreamDestroy(streams[i]);}if(planning)hipblasLtDestroy(planning);if(c)hipFree(c);if(bias)hipFree(bias);if(b)hipFree(b);if(a)hipFree(a);return result;
      |                                                                                                                                                                                                                                                                                                                                                                                                                                                                       ^~~~~~~~~~
8 warnings generated when compiling for gfx1201.
In file included from /home/oem/therock_test/tcnn_rdna4_port/workspace/repos/tiny-cuda-nn-phase2/scripts/probe_phase3b1b_fp16_epilogues.cpp:6:
/home/oem/therock_test/tcnn_rdna4_port/workspace/repos/tiny-cuda-nn-phase2/dependencies/json/json.hpp:26511:35: warning: identifier '_json' preceded by whitespace in a literal operator declaration is deprecated [-Wdeprecated-literal-operator]
 26511 | inline nlohmann::json operator "" _json(const char* s, std::size_t n)
       |                       ~~~~~~~~~~~~^~~~~
       |                       operator""_json
/home/oem/therock_test/tcnn_rdna4_port/workspace/repos/tiny-cuda-nn-phase2/dependencies/json/json.hpp:26530:49: warning: identifier '_json_pointer' preceded by whitespace in a literal operator declaration is deprecated [-Wdeprecated-literal-operator]
 26530 | inline nlohmann::json::json_pointer operator "" _json_pointer(const char* s, std::size_t n)
       |                                     ~~~~~~~~~~~~^~~~~~~~~~~~~
       |                                     operator""_json_pointer
/home/oem/therock_test/tcnn_rdna4_port/workspace/repos/tiny-cuda-nn-phase2/scripts/probe_phase3b1b_fp16_epilogues.cpp:41:25: warning: ignoring return value of type 'hipError_t' declared with 'nodiscard' attribute [-Wunused-value]
   41 |         ~Guarded() { if (base) hipFree(base); }
      |                                ^~~~~~~~~~~~~
/home/oem/therock_test/tcnn_rdna4_port/workspace/repos/tiny-cuda-nn-phase2/scripts/probe_phase3b1b_fp16_epilogues.cpp:149:320: warning: ignoring return value of type 'hipError_t' declared with 'nodiscard' attribute [-Wunused-value]
  149 |         if(pref)hipblasLtMatmulPreferenceDestroy(pref);if(ld)hipblasLtMatrixLayoutDestroy(ld);if(lc)hipblasLtMatrixLayoutDestroy(lc);if(lb)hipblasLtMatrixLayoutDestroy(lb);if(la)hipblasLtMatrixLayoutDestroy(la);if(op)hipblasLtMatmulDescDestroy(op);for(int i=0;i<2;++i){if(handles[i])hipblasLtDestroy(handles[i]);if(streams[i])hipStreamDestroy(streams[i]);}if(planning)hipblasLtDestroy(planning);if(c)hipFree(c);if(bias)hipFree(bias);if(b)hipFree(b);if(a)hipFree(a);return result;
      |                                                                                                                                                                                                                                                                                                                                       ^~~~~~~~~~~~~~~~~~~~~~~~~~~~
/home/oem/therock_test/tcnn_rdna4_port/workspace/repos/tiny-cuda-nn-phase2/scripts/probe_phase3b1b_fp16_epilogues.cpp:149:394: warning: ignoring return value of type 'hipError_t' declared with 'nodiscard' attribute [-Wunused-value]
  149 |         if(pref)hipblasLtMatmulPreferenceDestroy(pref);if(ld)hipblasLtMatrixLayoutDestroy(ld);if(lc)hipblasLtMatrixLayoutDestroy(lc);if(lb)hipblasLtMatrixLayoutDestroy(lb);if(la)hipblasLtMatrixLayoutDestroy(la);if(op)hipblasLtMatmulDescDestroy(op);for(int i=0;i<2;++i){if(handles[i])hipblasLtDestroy(handles[i]);if(streams[i])hipStreamDestroy(streams[i]);}if(planning)hipblasLtDestroy(planning);if(c)hipFree(c);if(bias)hipFree(bias);if(b)hipFree(b);if(a)hipFree(a);return result;
      |                                                                                                                                                                                                                                                                                                                                                                                                                 ^~~~~~~~~~
/home/oem/therock_test/tcnn_rdna4_port/workspace/repos/tiny-cuda-nn-phase2/scripts/probe_phase3b1b_fp16_epilogues.cpp:149:413: warning: ignoring return value of type 'hipError_t' declared with 'nodiscard' attribute [-Wunused-value]
  149 |         if(pref)hipblasLtMatmulPreferenceDestroy(pref);if(ld)hipblasLtMatrixLayoutDestroy(ld);if(lc)hipblasLtMatrixLayoutDestroy(lc);if(lb)hipblasLtMatrixLayoutDestroy(lb);if(la)hipblasLtMatrixLayoutDestroy(la);if(op)hipblasLtMatmulDescDestroy(op);for(int i=0;i<2;++i){if(handles[i])hipblasLtDestroy(handles[i]);if(streams[i])hipStreamDestroy(streams[i]);}if(planning)hipblasLtDestroy(planning);if(c)hipFree(c);if(bias)hipFree(bias);if(b)hipFree(b);if(a)hipFree(a);return result;
      |                                                                                                                                                                                                                                                                                                                                                                                                                                    ^~~~~~~~~~~~~
/home/oem/therock_test/tcnn_rdna4_port/workspace/repos/tiny-cuda-nn-phase2/scripts/probe_phase3b1b_fp16_epilogues.cpp:149:432: warning: ignoring return value of type 'hipError_t' declared with 'nodiscard' attribute [-Wunused-value]
  149 |         if(pref)hipblasLtMatmulPreferenceDestroy(pref);if(ld)hipblasLtMatrixLayoutDestroy(ld);if(lc)hipblasLtMatrixLayoutDestroy(lc);if(lb)hipblasLtMatrixLayoutDestroy(lb);if(la)hipblasLtMatrixLayoutDestroy(la);if(op)hipblasLtMatmulDescDestroy(op);for(int i=0;i<2;++i){if(handles[i])hipblasLtDestroy(handles[i]);if(streams[i])hipStreamDestroy(streams[i]);}if(planning)hipblasLtDestroy(planning);if(c)hipFree(c);if(bias)hipFree(bias);if(b)hipFree(b);if(a)hipFree(a);return result;
      |                                                                                                                                                                                                                                                                                                                                                                                                                                                       ^~~~~~~~~~
/home/oem/therock_test/tcnn_rdna4_port/workspace/repos/tiny-cuda-nn-phase2/scripts/probe_phase3b1b_fp16_epilogues.cpp:149:448: warning: ignoring return value of type 'hipError_t' declared with 'nodiscard' attribute [-Wunused-value]
  149 |         if(pref)hipblasLtMatmulPreferenceDestroy(pref);if(ld)hipblasLtMatrixLayoutDestroy(ld);if(lc)hipblasLtMatrixLayoutDestroy(lc);if(lb)hipblasLtMatrixLayoutDestroy(lb);if(la)hipblasLtMatrixLayoutDestroy(la);if(op)hipblasLtMatmulDescDestroy(op);for(int i=0;i<2;++i){if(handles[i])hipblasLtDestroy(handles[i]);if(streams[i])hipStreamDestroy(streams[i]);}if(planning)hipblasLtDestroy(planning);if(c)hipFree(c);if(bias)hipFree(bias);if(b)hipFree(b);if(a)hipFree(a);return result;
      |                                                                                                                                                                                                                                                                                                                                                                                                                                                                       ^~~~~~~~~~
8 warnings generated when compiling for host.
